// Jest Snapshot v1, https://goo.gl/fbAQLP

exports[`Hey Arnold Container Tests renders a list of characters to the page 1`] = `
<ul
  aria-label="characters"
>
  <a
    href="/5da237699734fdcb7bef8f5c"
  >
    <li>
      <h1>
        Nancy
      </h1>
    </li>
  </a>
  <a
    href="/5da237699734fdcb7bef8f59"
  >
    <li>
      <h1>
        Grandpa's grandfather
      </h1>
    </li>
  </a>
  <a
    href="/5da237699734fdcb7bef8f52"
  >
    <li>
      <h1>
        Grandpa Phil
      </h1>
    </li>
  </a>
  <a
    href="/5da237699734fdcb7bef8f58"
  >
    <li>
      <h1>
        Grandpa's father
      </h1>
    </li>
  </a>
  <a
    href="/5da237699734fdcb7bef8f70"
  >
    <li>
      <h1>
        Phoebe Heyerdahl
      </h1>
    </li>
  </a>
  <a
    href="/5da237699734fdcb7bef8f7e"
  >
    <li>
      <h1>
        Eugene Horowitz
      </h1>
    </li>
  </a>
  <a
    href="/5da237699734fdcb7bef8f82"
  >
    <li>
      <h1>
        Ray
      </h1>
    </li>
  </a>
  <a
    href="/5da237699734fdcb7bef8f8b"
  >
    <li>
      <h1>
        Shelley
      </h1>
    </li>
  </a>
  <a
    href="/5da237699734fdcb7bef8f76"
  >
    <li>
      <h1>
        Lila Sawyer
      </h1>
    </li>
  </a>
  <a
    href="/5da237699734fdcb7bef8f7c"
  >
    <li>
      <h1>
        Uncle Stinky
      </h1>
    </li>
  </a>
  <a
    href="/5da237699734fdcb7bef8f55"
  >
    <li>
      <h1>
        Arnie
      </h1>
    </li>
  </a>
  <a
    href="/5da237699734fdcb7bef8f66"
  >
    <li>
      <h1>
        Olga Pataki
      </h1>
    </li>
  </a>
  <a
    href="/5da237699734fdcb7bef8f6b"
  >
    <li>
      <h1>
        Timberly Johanssen
      </h1>
    </li>
  </a>
  <a
    href="/5da237699734fdcb7bef8f6d"
  >
    <li>
      <h1>
        Jerry Berman
      </h1>
    </li>
  </a>
  <a
    href="/5da237699734fdcb7bef8f73"
  >
    <li>
      <h1>
        Rhonda Wellington Lloyd
      </h1>
    </li>
  </a>
  <a
    href="/5da237699734fdcb7bef8f78"
  >
    <li>
      <h1>
        Stinky Peterson
      </h1>
    </li>
  </a>
  <a
    href="/5da237699734fdcb7bef8f71"
  >
    <li>
      <h1>
        Kyo Heyerdahl
      </h1>
    </li>
  </a>
  <a
    href="/5da237699734fdcb7bef8f8e"
  >
    <li>
      <h1>
        Iggy
      </h1>
    </li>
  </a>
  <a
    href="/5da237699734fdcb7bef8f77"
  >
    <li>
      <h1>
        Mr. Sawyer
      </h1>
    </li>
  </a>
  <a
    href="/5da237699734fdcb7bef8f84"
  >
    <li>
      <h1>
        Thaddeus "Curly" Gammelthorpe
      </h1>
    </li>
  </a>
</ul>
`;
